// Jest Snapshot v1, https://goo.gl/fbAQLP

exports[`DrumPad renders correctly 1`] = `
<div
  className="drum-pad"
  id="div-Q"
  onClick={[Function]}
  onKeyDown={[Function]}
>
  <h3
    id="h3-Q"
  >
    Q
  </h3>
  <audio
    className="clip"
    id="Q"
    src="https://s3.amazonaws.com/freecodecamp/drums/RP4_KICK_1.mp3"
  />
</div>
`;
