// Jest Snapshot v1, https://goo.gl/fbAQLP

exports[`PadStore renders correctly 1`] = `
<div
  class="pad-store"
>
  <div
    className="drum-pad"
    id="div-Q"
    onClick={[Function]}
    onKeyDown={[Function]}
  >
    <h3
      id="h3-Q"
    >
      Q
    </h3>
    <audio
      className="clip"
      id="Q"
      src="https://s3.amazonaws.com/freecodecamp/drums/RP4_KICK_1.mp3"
    />
  </div>
  <div
    className="drum-pad"
    id="div-W"
    onClick={[Function]}
    onKeyDown={[Function]}
  >
    <h3
      id="h3-W"
    >
      W
    </h3>
    <audio
      className="clip"
      id="W"
      src="https://s3.amazonaws.com/freecodecamp/drums/Brk_Snr.mp3"
    />
  </div>
  <div
    className="drum-pad"
    id="div-E"
    onClick={[Function]}
    onKeyDown={[Function]}
  >
    <h3
      id="h3-E"
    >
      E
    </h3>
    <audio
      className="clip"
      id="E"
      src="https://s3.amazonaws.com/freecodecamp/drums/Cev_H2.mp3"
    />
  </div>
  <div
    className="drum-pad"
    id="div-A"
    onClick={[Function]}
    onKeyDown={[Function]}
  >
    <h3
      id="h3-A"
    >
      A
    </h3>
    <audio
      className="clip"
      id="A"
      src="https://s3.amazonaws.com/freecodecamp/drums/Bld_H1.mp3"
    />
  </div>
  <div
    className="drum-pad"
    id="div-S"
    onClick={[Function]}
    onKeyDown={[Function]}
  >
    <h3
      id="h3-S"
    >
      S
    </h3>
    <audio
      className="clip"
      id="S"
      src="https://s3.amazonaws.com/freecodecamp/drums/Heater-3.mp3"
    />
  </div>
  <div
    className="drum-pad"
    id="div-D"
    onClick={[Function]}
    onKeyDown={[Function]}
  >
    <h3
      id="h3-D"
    >
      D
    </h3>
    <audio
      className="clip"
      id="D"
      src="https://s3.amazonaws.com/freecodecamp/drums/side_stick_1.mp3"
    />
  </div>
  <div
    className="drum-pad"
    id="div-Z"
    onClick={[Function]}
    onKeyDown={[Function]}
  >
    <h3
      id="h3-Z"
    >
      Z
    </h3>
    <audio
      className="clip"
      id="Z"
      src="https://s3.amazonaws.com/freecodecamp/drums/Heater-4_1.mp3"
    />
  </div>
  <div
    className="drum-pad"
    id="div-X"
    onClick={[Function]}
    onKeyDown={[Function]}
  >
    <h3
      id="h3-X"
    >
      X
    </h3>
    <audio
      className="clip"
      id="X"
      src="https://s3.amazonaws.com/freecodecamp/drums/Heater-2.mp3"
    />
  </div>
  <div
    className="drum-pad"
    id="div-C"
    onClick={[Function]}
    onKeyDown={[Function]}
  >
    <h3
      id="h3-C"
    >
      C
    </h3>
    <audio
      className="clip"
      id="C"
      src="https://s3.amazonaws.com/freecodecamp/drums/Heater-1.mp3"
    />
  </div>
</div>
`;
